Running 40 items, max_workers=6, hard_stop=$4.00
  [1/40] id=26 mrcr/8needle/(4096,8192] score=0.9993270524899058 cost=$0.0020 cum=$0.0020 ok
  [2/40] id=13 babilong/qa1/32k score=0.0 cost=$0.0077 cum=$0.0097 ok
  [3/40] id=25 mrcr/8needle/(4096,8192] score=0.9989785495403473 cost=$0.0024 cum=$0.0122 ok
  [4/40] id=28 mrcr/8needle/(8192,16384] score=1.0 cost=$0.0047 cum=$0.0168 ok
  [5/40] id=14 babilong/qa1/32k score=1.0 cost=$0.0079 cum=$0.0248 ok
  [6/40] id=29 mrcr/8needle/(16384,32768] score=1.0 cost=$0.0068 cum=$0.0315 ok
  [7/40] id=20 babilong/qa2/32k score=0.0 cost=$0.0078 cum=$0.0393 ok
  [8/40] id=19 babilong/qa2/32k score=0.0 cost=$0.0078 cum=$0.0471 ok
  [9/40] id=30 mrcr/8needle/(16384,32768] score=1.0 cost=$0.0082 cum=$0.0553 ok
  [10/40] id=15 babilong/qa1/128k score=1.0 cost=$0.0311 cum=$0.0864 ok
  [11/40] id=16 babilong/qa1/128k score=1.0 cost=$0.0307 cum=$0.1171 ok
  [12/40] id=21 babilong/qa2/128k score=0.0 cost=$0.0305 cum=$0.1476 ok
  [13/40] id=32 mrcr/8needle/(32768,65536] score=1.0 cost=$0.0154 cum=$0.1631 ok
  [14/40] id=33 mrcr/8needle/(65536,131072] score=1.0 cost=$0.0180 cum=$0.1810 ok
  [15/40] id=31 mrcr/8needle/(32768,65536] score=0.10492505353319058 cost=$0.0099 cum=$0.1909 ok
  [16/40] id=22 babilong/qa2/128k score=0.0 cost=$0.0299 cum=$0.2209 ok
  [17/40] id=1 graphwalks/bfs/~128K score=1.0 cost=$0.0323 cum=$0.2531 ok
  [18/40] id=34 mrcr/8needle/(65536,131072] score=0.02195945945945946 cost=$0.0331 cum=$0.2862 ok
  [19/40] id=3 graphwalks/parents/~128K score=0.4 cost=$0.0323 cum=$0.3185 ok
  [20/40] id=4 graphwalks/parents/~128K score=0.8 cost=$0.0325 cum=$0.3510 ok
  [21/40] id=35 mrcr/8needle/(131072,262144] score=0.13420542635658914 cost=$0.0445 cum=$0.3956 ok
  [22/40] id=7 graphwalks/parents/~256K score=1.0 cost=$0.0644 cum=$0.4599 ok
  [23/40] id=2 graphwalks/bfs/~128K score=1.0 cost=$0.0327 cum=$0.4927 ok
  [24/40] id=8 graphwalks/parents/~256K score=0.4 cost=$0.0642 cum=$0.5569 ok
  [25/40] id=5 graphwalks/bfs/~256K score=0.9291338582677166 cost=$0.0654 cum=$0.6223 ok
  [26/40] id=6 graphwalks/bfs/~256K score=1.0 cost=$0.0643 cum=$0.6866 ok
  [27/40] id=36 mrcr/8needle/(131072,262144] score=0.06295247088448222 cost=$0.0520 cum=$0.7386 ok
  [28/40] id=18 babilong/qa1/512k score=1.0 cost=$0.2396 cum=$0.9782 ok
  [29/40] id=17 babilong/qa1/512k score=0.0 cost=$0.2450 cum=$1.2232 ok
  [30/40] id=38 mrcr/8needle/(262144,524288] score=1.0 cost=$0.2320 cum=$1.4552 ok
  [31/40] id=37 mrcr/8needle/(262144,524288] score=0.05139920045688178 cost=$0.2311 cum=$1.6863 ok
  [32/40] id=10 graphwalks/bfs/~1M score=None cost=$0.0000 cum=$1.6863 REFUSAL
  [33/40] id=27 mrcr/8needle/(8192,16384] score=0.0 cost=$0.0056 cum=$1.6918 ok
  [34/40] id=39 mrcr/8needle/(524288,1048576] score=None cost=$0.0000 cum=$1.6918 REFUSAL
  [35/40] id=24 babilong/qa2/512k score=0.0 cost=$0.2456 cum=$1.9374 ok
  [36/40] id=12 graphwalks/parents/~1M score=None cost=$0.0000 cum=$1.9374 REFUSAL
  [37/40] id=9 graphwalks/bfs/~1M score=None cost=$0.0000 cum=$1.9374 REFUSAL
  [38/40] id=11 graphwalks/parents/~1M score=None cost=$0.0000 cum=$1.9374 REFUSAL
  [39/40] id=40 mrcr/8needle/(524288,1048576] score=1.0 cost=$0.3420 cum=$2.2794 ok
  [40/40] id=23 babilong/qa2/512k score=0.0 cost=$0.2488 cum=$2.5282 ok

Done. 40/40 items run. Cumulative cost $2.5282. stop_reason=None
wrote evidence/benchmark_pilot/results_all.json
